=================================================================
  01_load_data.py — practice_20aa  Day7→10
=================================================================
  Ref: Goudar et al. (2005) Biotechnol Prog 21:1193
  Feed volume mode: interval
  Input format    : tsv
  입력: TSV folder = C:\METABOLOMICS_RELEASE\Metabolomics\data\raw\practice_20aa_tsv
  Feed TSV: 3종 × 23대사물질

  Clones: ['High01', 'High02', 'High03', 'Low01', 'Low02', 'Low03', 'Mother01', 'Mother02', 'Mother03']
  Days  : [np.int64(3), np.int64(5), np.int64(7), np.int64(10), np.int64(12), np.int64(14)]
  Groups: {'High01': 'High', 'High02': 'High', 'High03': 'High', 'Low01': 'Low', 'Low02': 'Low', 'Low03': 'Low', 'Mother01': 'Mother', 'Mother02': 'Mother', 'Mother03': 'Mother'}
  High  : ['High01', 'High02', 'High03']
  Low   : ['Low01', 'Low02', 'Low03']

  Clone            Glc_q     Lac_q   Lac/Glc  IgG
  ────────────────────────────────────────────────────
  ★ High01       -1.3500   -0.0600    -0.044  14000
  ★ High02       -1.1500   -0.1200    -0.104  16500
  ★ High03       -0.9500   -0.1800    -0.189  19000
  ▼ Low01        -3.7500    0.6200     0.165  3500
  ▼ Low02        -3.4500    0.5000     0.145  4800
  ▼ Low03        -3.1500    0.3800     0.121  6200
    Mother01     -2.1000    0.1200     0.057  8000
    Mother02     -1.9000    0.0900     0.047  9800
    Mother03     -1.7000    0.0600     0.035  11500

  Constraints: 206 total (22/clone avg)
  [saved] data/processed/rates_practice_20aa.pkl
  [saved] results/practice_20aa/tables/exchange_rates.csv

  OK  완료
  다음: python scripts/steps/02_map_metabolites.py --dataset practice_20aa

